// Jest Snapshot v1, https://goo.gl/fbAQLP

exports[`Topsort.purchase should be successful with default mappings and products object, including vendorId 1`] = `
Headers {
  Symbol(map): Object {
    "authorization": Array [
      "Bearer bar",
    ],
    "content-type": Array [
      "application/json",
    ],
    "user-agent": Array [
      "Segment (Actions)",
    ],
  },
}
`;
